Code: 000001
Name: 华夏成长混合
FTYPE: 混合型-灵活
